com.dyfc.platform.database.AbstractDao -> com.dyfc.platform.database.AbstractDao:
    org.springframework.jdbc.core.namedparam.NamedParameterJdbcTemplate namedParameterJdbcTemplate -> a
    org.springframework.jdbc.core.JdbcTemplate jdbcTemplate -> b
    24:24:void <init>() -> <init>
    35:37:org.springframework.jdbc.core.namedparam.NamedParameterJdbcTemplate getNamedParameterJdbcTemplate() -> getNamedParameterJdbcTemplate
    46:48:org.springframework.jdbc.core.JdbcTemplate getJdbcTemplate() -> getJdbcTemplate
    javax.sql.DataSource getDataSource() -> getDataSource
    65:65:java.util.List queryForListByTemplate(java.lang.String) -> queryForListByTemplate
    78:79:java.util.List queryForListByTemplate(java.lang.String,java.util.Map) -> queryForListByTemplate
    93:93:java.util.List pagingForListByTemplate(java.lang.String,int,int) -> pagingForListByTemplate
    108:109:java.util.List pagingForListByTemplate(java.lang.String,int,int,java.util.Map) -> pagingForListByTemplate
    119:119:int recordNumberForListByTemplate(java.lang.String) -> recordNumberForListByTemplate
    130:135:int recordNumberForListByTemplate(java.lang.String,java.util.Map) -> recordNumberForListByTemplate
    146:147:int updateByTemplate(java.lang.String,java.util.Map) -> updateByTemplate
    159:160:int[] batchUpdateByTemplate(java.lang.String,java.util.Map,java.util.Map[]) -> batchUpdateByTemplate
    173:181:int[] batchUpdateByTemplate(java.lang.String,java.util.Map,java.util.List) -> batchUpdateByTemplate
    191:204:boolean isTableExists(java.lang.String) -> isTableExists
    215:216:void runDDL(java.lang.String) -> runDDL
    226:227:java.util.List qryObjList(java.lang.String,java.util.Map,java.lang.Class) -> qryObjList
    238:239:java.util.List pagingObjList(java.lang.String,int,int,java.util.Map,java.lang.Class) -> pagingObjList
    250:251:java.lang.Object qryObj(java.lang.String,java.util.Map,java.lang.Class) -> qryObj
com.dyfc.platform.database.SingleTableDao -> com.dyfc.platform.database.SingleTableDao:
    9:9:void <init>() -> <init>
    12:14:int addNewRecord(com.dyfc.platform.database.TableBean) -> addNewRecord
    18:27:int addNewRecordBatch(java.util.List) -> addNewRecordBatch
    32:38:int addNewRecordBatchBySqlConditions(java.util.List) -> addNewRecordBatchBySqlConditions
    42:44:int updateRecordAllByPrimaryKey(com.dyfc.platform.database.TableBean) -> updateRecordAllByPrimaryKey
    48:50:int updateRecordColumnsBySqlConditions(com.dyfc.platform.database.TableBean) -> updateRecordColumnsBySqlConditions
    54:56:int deleteRecordBySqlConditions(com.dyfc.platform.database.TableBean) -> deleteRecordBySqlConditions
    60:62:int clearTable(com.dyfc.platform.database.TableBean) -> clearTable
    66:68:com.dyfc.platform.database.TableBean getRecordByPKMap(com.dyfc.platform.database.TableBean,java.util.Map) -> getRecordByPKMap
    72:74:java.util.List getRecordListBySqlConditions(com.dyfc.platform.database.TableBean) -> getRecordListBySqlConditions
    78:80:int recordNumberBySqlConditions(com.dyfc.platform.database.TableBean) -> recordNumberBySqlConditions
    84:86:void clearBeanConditions(com.dyfc.platform.database.TableBean) -> clearBeanConditions
    33:33:boolean lambda$addNewRecordBatchBySqlConditions$0(com.dyfc.platform.database.TableBean) -> a
com.dyfc.platform.database.SingleTablePersistUtils -> com.dyfc.platform.database.SingleTablePersistUtils:
    org.slf4j.Logger log -> a
    java.lang.String EMPTY -> EMPTY
    14:14:void <init>() -> <init>
    28:32:int addNewRecord(com.dyfc.platform.database.AbstractDao,com.dyfc.platform.database.TableBean) -> addNewRecord
    1171:1175:void dealBeanMapForInsert(com.dyfc.platform.database.TableBean):171:175 -> addNewRecord
    1171:1175:int addNewRecord(com.dyfc.platform.database.AbstractDao,com.dyfc.platform.database.TableBean):29 -> addNewRecord
    1185:1202:java.lang.String getSqlInsert(java.lang.String,java.util.Map):185:202 -> addNewRecord
    1185:1202:int addNewRecord(com.dyfc.platform.database.AbstractDao,com.dyfc.platform.database.TableBean):30 -> addNewRecord
    43:55:int[] addNewRecordBatch(com.dyfc.platform.database.AbstractDao,java.util.List) -> addNewRecordBatch
    66:71:int updateRecordAllByPrimaryKey(com.dyfc.platform.database.AbstractDao,com.dyfc.platform.database.TableBean) -> updateRecordAllByPrimaryKey
    82:86:int updateRecordColumnsBySqlConditions(com.dyfc.platform.database.AbstractDao,com.dyfc.platform.database.TableBean) -> updateRecordColumnsBySqlConditions
    1217:1244:java.lang.String getSqlUpdate(java.lang.String,java.util.Map,java.util.Map,com.dyfc.platform.database.TableBean):217:244 -> updateRecordColumnsBySqlConditions
    1217:1244:int updateRecordColumnsBySqlConditions(com.dyfc.platform.database.AbstractDao,com.dyfc.platform.database.TableBean):83 -> updateRecordColumnsBySqlConditions
    97:100:int deleteRecordBySqlConditions(com.dyfc.platform.database.AbstractDao,com.dyfc.platform.database.TableBean) -> deleteRecordBySqlConditions
    1255:1270:java.lang.String getSqlDelete(java.lang.String,java.util.Map):255:270 -> deleteRecordBySqlConditions
    1255:1270:int deleteRecordBySqlConditions(com.dyfc.platform.database.AbstractDao,com.dyfc.platform.database.TableBean):98 -> deleteRecordBySqlConditions
    111:113:int clearTable(com.dyfc.platform.database.AbstractDao,com.dyfc.platform.database.TableBean) -> clearTable
    1280:1282:java.lang.String getSqlClearTable(java.lang.String):280:282 -> clearTable
    1280:1282:int clearTable(com.dyfc.platform.database.AbstractDao,com.dyfc.platform.database.TableBean):111 -> clearTable
    126:129:com.dyfc.platform.database.TableBean getRecordByPKMap(com.dyfc.platform.database.AbstractDao,com.dyfc.platform.database.TableBean,java.util.Map) -> getRecordByPKMap
    141:145:java.util.List getRecordListBySqlConditions(com.dyfc.platform.database.AbstractDao,com.dyfc.platform.database.TableBean) -> getRecordListBySqlConditions
    157:162:int recordNumberBySqlConditions(com.dyfc.platform.database.AbstractDao,com.dyfc.platform.database.TableBean) -> recordNumberBySqlConditions
    1318:1332:java.lang.String getSqlCount(java.lang.String,java.util.Map):318:332 -> recordNumberBySqlConditions
    1318:1332:int recordNumberBySqlConditions(com.dyfc.platform.database.AbstractDao,com.dyfc.platform.database.TableBean):158 -> recordNumberBySqlConditions
    293:307:java.lang.String getSqlSelect(java.lang.String,java.util.Map) -> a
    16:16:void <clinit>() -> <clinit>
com.dyfc.platform.database.SqlTemplateUtil -> com.dyfc.platform.database.SqlTemplateUtil:
    com.dyfc.platform.database.SqlTemplateUtil ourInstance -> a
    org.slf4j.Logger logger -> logger
    java.lang.String DIR_NAME -> b
    org.slf4j.Logger log -> c
    java.util.HashMap sqlMap -> d
    freemarker.template.Configuration cfg -> e
    freemarker.cache.StringTemplateLoader sTmpLoader -> f
    java.util.List repeatSqlkeyList -> g
    32:35:com.dyfc.platform.database.SqlTemplateUtil getInstance() -> getInstance
    38:51:void <init>() -> <init>
    57:76:void init() -> a
    83:116:void realinit(java.io.File) -> a
    119:119:java.util.Set getAllSqlKey() -> getAllSqlKey
    129:129:java.lang.String getSqlString(java.lang.String) -> getSqlString
    140:156:java.lang.String getSqlString(java.lang.String,java.util.Map) -> getSqlString
    168:168:java.lang.String getPageSqlString(java.lang.String,int,int) -> getPageSqlString
    182:200:java.lang.String getPageSqlString(java.lang.String,int,int,java.util.Map) -> getPageSqlString
    210:210:java.lang.String getRecordNumberSqlString(java.lang.String) -> getRecordNumberSqlString
    223:236:java.lang.String getRecordNumberSqlString(java.lang.String,java.util.Map) -> getRecordNumberSqlString
    29:29:void <clinit>() -> <clinit>
com.dyfc.platform.database.TableBean -> com.dyfc.platform.database.TableBean:
    java.util.Map beanMap -> beanMap
    java.util.Map sqlConditionsMap -> sqlConditionsMap
    java.util.Map sqlUpdateColumnsMap -> sqlUpdateColumnsMap
    java.util.Map sqlUpdateColumnAliasMap -> sqlUpdateColumnAliasMap
    6:13:void <init>() -> <init>
    16:17:void setSqlUpdateColumnAliasMap(java.util.Map) -> setSqlUpdateColumnAliasMap
    20:23:void clearAllConditions() -> clearAllConditions
    java.lang.String getSingleTableName() -> getSingleTableName
    boolean hasPrimaryKey() -> hasPrimaryKey
    java.lang.String[] getColumnNameArr() -> getColumnNameArr
    void putInBeanMap() -> putInBeanMap
    java.lang.String getSqlUpdateAll() -> getSqlUpdateAll
    java.lang.String getSqlSelectAll() -> getSqlSelectAll
    java.lang.String getSqlInsertBatch() -> getSqlInsertBatch
com.dyfc.platform.utiltools.DateUtil -> com.dyfc.platform.utiltools.DateUtil:
    java.lang.String DATETIME_FORMAT -> DATETIME_FORMAT
    java.lang.String DATE_FORMAT -> DATE_FORMAT
    java.lang.String TIME_FORMAT -> TIME_FORMAT
    17:17:void <init>() -> <init>
    23:25:java.util.Calendar getNewCalendar(long) -> getNewCalendar
    29:29:java.sql.Date utilDate2SqlDate(java.util.Date) -> utilDate2SqlDate
    33:33:java.sql.Timestamp utilDate2SqlTimestamp(java.util.Date) -> utilDate2SqlTimestamp
    37:37:java.util.Date sqlDate2UtilDate(java.sql.Date) -> sqlDate2UtilDate
    41:41:java.util.Date sqlTimestamp2UtilDate(java.sql.Timestamp) -> sqlTimestamp2UtilDate
    45:51:java.util.Date getNowDate(java.lang.String) -> getNowDate
    56:56:java.sql.Date getNowSqlDate() -> getNowSqlDate
    60:60:java.sql.Timestamp getNowSqlTimestamp() -> getNowSqlTimestamp
    72:75:java.lang.String getWeekdayChineseStrByDate(java.util.Date) -> getWeekdayChineseStrByDate
    87:94:boolean equalsTimestamp(java.sql.Timestamp,java.sql.Timestamp) -> equalsTimestamp
com.dyfc.platform.utiltools.Des3Util -> com.dyfc.platform.utiltools.Des3Util:
    18:18:void <init>() -> <init>
    29:38:java.lang.String encode(java.lang.String,java.lang.String,java.lang.String) -> encode
    49:59:java.lang.String decode(java.lang.String,java.lang.String,java.lang.String) -> decode
com.dyfc.platform.utiltools.FileUtil -> com.dyfc.platform.utiltools.FileUtil:
    9:9:void <init>() -> <init>
    19:22:java.io.File checkMkdir(java.io.File) -> checkMkdir
    33:36:void saveObjToFile(java.lang.Object,java.io.File) -> saveObjToFile
    45:47:java.lang.Object getObjFromFile(java.io.File) -> getObjFromFile
    57:67:void filterFilesByDays(java.util.List,java.io.File,int) -> filterFilesByDays
    76:85:java.io.File getUserDirWithChild(java.lang.String[]) -> getUserDirWithChild
    96:121:java.lang.String getStringFromInputStream(java.io.InputStream,java.lang.String) -> getStringFromInputStream
com.dyfc.platform.utiltools.FreemarkerUtil -> com.dyfc.platform.utiltools.FreemarkerUtil:
    10:10:void <init>() -> <init>
    21:28:boolean process(java.lang.String,java.util.Map,java.io.File) -> process
com.dyfc.platform.utiltools.GsonUtil -> com.dyfc.platform.utiltools.GsonUtil:
    com.google.gson.TypeAdapter DATE -> DATE
    com.google.gson.TypeAdapter TIME -> TIME
    com.google.gson.TypeAdapter DATETIME -> DATETIME
    com.google.gson.Gson gson -> a
    15:15:void <init>() -> <init>
    25:40:java.util.List jsonArrayToList(java.lang.String,java.lang.Class) -> jsonArrayToList
    51:55:java.lang.String allToJson(java.lang.Object[]) -> allToJson
    122:129:com.google.gson.GsonBuilder getGsonBuilder() -> getGsonBuilder
    133:136:com.google.gson.Gson getGson() -> getGson
    59:99:void <clinit>() -> <clinit>
com.dyfc.platform.utiltools.GsonUtil$1 -> com.dyfc.platform.utiltools.GsonUtil$1:
    59:59:void <init>() -> <init>
    62:69:java.sql.Date read(com.google.gson.stream.JsonReader) -> a
    59:59:java.lang.Object read(com.google.gson.stream.JsonReader) -> read
    59:59:void write(com.google.gson.stream.JsonWriter,java.lang.Object) -> write
    1075:1076:void write(com.google.gson.stream.JsonWriter,java.sql.Date):75:76 -> write
    1075:1076:void write(com.google.gson.stream.JsonWriter,java.lang.Object):59 -> write
com.dyfc.platform.utiltools.GsonUtil$2 -> com.dyfc.platform.utiltools.GsonUtil$2:
    79:79:void <init>() -> <init>
    82:89:java.sql.Time read(com.google.gson.stream.JsonReader) -> a
    79:79:java.lang.Object read(com.google.gson.stream.JsonReader) -> read
    79:79:void write(com.google.gson.stream.JsonWriter,java.lang.Object) -> write
    1095:1096:void write(com.google.gson.stream.JsonWriter,java.sql.Time):95:96 -> write
    1095:1096:void write(com.google.gson.stream.JsonWriter,java.lang.Object):79 -> write
com.dyfc.platform.utiltools.GsonUtil$3 -> com.dyfc.platform.utiltools.GsonUtil$3:
    99:99:void <init>() -> <init>
    102:109:java.sql.Timestamp read(com.google.gson.stream.JsonReader) -> a
    99:99:java.lang.Object read(com.google.gson.stream.JsonReader) -> read
    99:99:void write(com.google.gson.stream.JsonWriter,java.lang.Object) -> write
    1115:1116:void write(com.google.gson.stream.JsonWriter,java.sql.Timestamp):115:116 -> write
    1115:1116:void write(com.google.gson.stream.JsonWriter,java.lang.Object):99 -> write
com.dyfc.platform.utiltools.ImageUtil -> com.dyfc.platform.utiltools.ImageUtil:
    java.lang.String JPG -> JPG
    java.lang.String GIF -> GIF
    java.lang.String PNG -> PNG
    java.lang.String BMP -> BMP
    12:12:void <init>() -> <init>
    32:54:void reduceImageByRatio(java.lang.String,java.lang.String,int,int) -> reduceImageByRatio
    67:76:void reduceImageByTarget(java.lang.String,java.lang.String,int,int) -> reduceImageByTarget
    88:100:void converter(java.io.File,java.lang.String,java.io.File) -> converter
com.dyfc.platform.utiltools.MD5Util -> com.dyfc.platform.utiltools.MD5Util:
    17:18:void <init>() -> <init>
    33:37:boolean validate16BitMd5WithOriginalString(java.lang.String,java.lang.String) -> validate16BitMd5WithOriginalString
    54:58:boolean validate32BitMd5WithOriginalString(java.lang.String,java.lang.String) -> validate32BitMd5WithOriginalString
    73:95:java.lang.String get16BitMd5EncString(java.lang.String) -> get16BitMd5EncString
    110:137:java.lang.String get32BitMd5EncString(java.lang.String) -> get32BitMd5EncString
com.dyfc.platform.utiltools.ReflectUtil -> com.dyfc.platform.utiltools.ReflectUtil:
    java.lang.Class[] NO_PARAMETERS -> NO_PARAMETERS
    java.lang.Object[] NO_ARGUMENTS -> NO_ARGUMENTS
    java.lang.reflect.Type[] NO_TYPES -> NO_TYPES
    java.lang.String METHOD_GET_PREFIX -> METHOD_GET_PREFIX
    java.lang.String METHOD_IS_PREFIX -> METHOD_IS_PREFIX
    java.lang.String METHOD_SET_PREFIX -> METHOD_SET_PREFIX
    java.lang.reflect.Method _getMethod0 -> a
    11:11:void <init>() -> <init>
    53:55:java.lang.reflect.Method getMethod0(java.lang.Class,java.lang.String,java.lang.Class[]) -> getMethod0
    69:69:java.lang.reflect.Method findMethod(java.lang.Class,java.lang.String) -> findMethod
    79:79:java.lang.reflect.Method findDeclaredMethod(java.lang.Class,java.lang.String) -> findDeclaredMethod
    90:99:java.lang.reflect.Method findDeclaredMethod(java.lang.Class,java.lang.String,boolean) -> a
    112:121:java.lang.Class[] getClasses(java.lang.Object[]) -> getClasses
    138:139:java.lang.Object invoke(java.lang.Class,java.lang.Object,java.lang.String,java.lang.Class[],java.lang.Object[]) -> invoke
    152:153:java.lang.Object invoke(java.lang.Object,java.lang.String,java.lang.Class[],java.lang.Object[]) -> invoke
    163:164:java.lang.Object invoke(java.lang.Object,java.lang.String,java.lang.Object[]) -> invoke
    175:176:java.lang.Object invoke(java.lang.Class,java.lang.Object,java.lang.String,java.lang.Object[]) -> invoke
    193:195:java.lang.Object invokeDeclared(java.lang.Class,java.lang.Object,java.lang.String,java.lang.Class[],java.lang.Object[]) -> invokeDeclared
    207:209:java.lang.Object invokeDeclared(java.lang.Object,java.lang.String,java.lang.Class[],java.lang.Object[]) -> invokeDeclared
    219:220:java.lang.Object invokeDeclared(java.lang.Object,java.lang.String,java.lang.Object[]) -> invokeDeclared
    231:232:java.lang.Object invokeDeclared(java.lang.Class,java.lang.Object,java.lang.String,java.lang.Object[]) -> invokeDeclared
    246:254:boolean isSubclass(java.lang.Class,java.lang.Class) -> isSubclass
    261:272:boolean isInterfaceImpl(java.lang.Class,java.lang.Class) -> isInterfaceImpl
    283:283:boolean isInstanceOf(java.lang.Object,java.lang.Class) -> isInstanceOf
    294:294:java.lang.reflect.Method[] getAccessibleMethods(java.lang.Class) -> getAccessibleMethods
    301:350:java.lang.reflect.Method[] getAccessibleMethods(java.lang.Class,java.lang.Class) -> getAccessibleMethods
    354:360:void addMethodIfNotExist(java.util.List,java.lang.reflect.Method) -> a
    368:368:java.lang.reflect.Field[] getAccessibleFields(java.lang.Class) -> getAccessibleFields
    378:418:java.lang.reflect.Field[] getAccessibleFields(java.lang.Class,java.lang.Class) -> getAccessibleFields
    422:428:void addFieldIfNotExist(java.util.List,java.lang.reflect.Field) -> a
    440:440:java.lang.reflect.Method[] getSupportedMethods(java.lang.Class) -> getSupportedMethods
    456:472:java.lang.reflect.Method[] getSupportedMethods(java.lang.Class,java.lang.Class) -> getSupportedMethods
    482:482:java.lang.reflect.Field[] getSupportedFields(java.lang.Class) -> getSupportedFields
    492:508:java.lang.reflect.Field[] getSupportedFields(java.lang.Class,java.lang.Class) -> getSupportedFields
    518:521:boolean compareDeclarations(java.lang.reflect.Method,java.lang.reflect.Method) -> compareDeclarations
    528:531:boolean compareSignatures(java.lang.reflect.Method,java.lang.reflect.Method) -> compareSignatures
    538:541:boolean compareSignatures(java.lang.reflect.Constructor,java.lang.reflect.Constructor) -> compareSignatures
    547:547:boolean compareSignatures(java.lang.reflect.Field,java.lang.reflect.Field) -> compareSignatures
    560:568:boolean compareParameters(java.lang.Class[],java.lang.Class[]) -> compareParameters
    581:589:void forceAccess(java.lang.reflect.AccessibleObject) -> forceAccess
    597:597:boolean isPublic(java.lang.reflect.Member) -> isPublic
    607:612:boolean isPublicPublic(java.lang.reflect.Member) -> isPublicPublic
    620:620:boolean isPublic(java.lang.Class) -> isPublic
    633:710:java.lang.Object newInstance(java.lang.Class) -> newInstance
    721:721:boolean isAssignableFrom(java.lang.reflect.Member,java.lang.reflect.Member) -> isAssignableFrom
    728:738:java.lang.Class[] getSuperclasses(java.lang.Class) -> getSuperclasses
    746:746:boolean isUserDefinedMethod(java.lang.reflect.Method) -> isUserDefinedMethod
    754:754:boolean isObjectMethod(java.lang.reflect.Method) -> isObjectMethod
    763:782:boolean isBeanProperty(java.lang.reflect.Method) -> isBeanProperty
    790:790:boolean isBeanPropertyGetter(java.lang.reflect.Method) -> isBeanPropertyGetter
    794:809:int getBeanPropertyGetterPrefixLength(java.lang.reflect.Method) -> a
    817:822:java.lang.String getBeanPropertyGetterName(java.lang.reflect.Method) -> getBeanPropertyGetterName
    829:829:boolean isBeanPropertySetter(java.lang.reflect.Method) -> isBeanPropertySetter
    833:843:int getBeanPropertySetterPrefixLength(java.lang.reflect.Method) -> b
    851:856:java.lang.String getBeanPropertySetterName(java.lang.reflect.Method) -> getBeanPropertySetterName
    866:866:java.lang.Class getComponentType(java.lang.reflect.Type) -> getComponentType
    887:905:java.lang.Class getComponentType(java.lang.reflect.Type,int) -> getComponentType
    909:909:java.lang.Class getGenericSupertype(java.lang.Class,int) -> getGenericSupertype
    913:913:java.lang.Class getGenericSupertype(java.lang.Class) -> getGenericSupertype
    943:972:java.lang.Class toClass(java.lang.reflect.Type) -> toClass
    983:986:java.lang.Object readAnnotationValue(java.lang.annotation.Annotation,java.lang.String) -> readAnnotationValue
    14:40:void <clinit>() -> <clinit>
com.dyfc.platform.utiltools.StringUtil -> com.dyfc.platform.utiltools.StringUtil:
    11:11:void <init>() -> <init>
    21:25:java.lang.String getLastSubString(java.lang.String,java.lang.String) -> getLastSubString
    33:33:java.lang.String getGUID() -> getGUID
    40:42:boolean isNumeric(java.lang.String) -> isNumeric
    52:59:java.lang.String generateRandomString(int) -> generateRandomString
    69:69:java.lang.String[] splitBySpace(java.lang.String) -> splitBySpace
    78:87:java.lang.String getUrlHost(java.lang.String) -> getUrlHost
com.dyfc.platform.utiltools.TypeUtil -> com.dyfc.platform.utiltools.TypeUtil:
    java.util.concurrent.ConcurrentMap mappings -> a
    42:42:void <init>() -> <init>
    45:49:java.lang.String castToString(java.lang.Object) -> castToString
    53:73:java.lang.Byte castToByte(java.lang.Object) -> castToByte
    77:99:java.lang.Character castToChar(java.lang.Object) -> castToChar
    103:123:java.lang.Short castToShort(java.lang.Object) -> castToShort
    127:144:java.math.BigDecimal castToBigDecimal(java.lang.Object) -> castToBigDecimal
    148:165:java.math.BigInteger castToBigInteger(java.lang.Object) -> castToBigInteger
    169:189:java.lang.Float castToFloat(java.lang.Object) -> castToFloat
    193:213:java.lang.Double castToDouble(java.lang.Object) -> castToDouble
    217:267:java.util.Date castToDate(java.lang.Object) -> castToDate
    271:306:java.sql.Date castToSqlDate(java.lang.Object) -> castToSqlDate
    310:345:java.sql.Timestamp castToTimestamp(java.lang.Object) -> castToTimestamp
    349:370:java.lang.Long castToLong(java.lang.Object) -> castToLong
    374:399:java.lang.Integer castToInt(java.lang.Object) -> castToInt
    403:410:byte[] castToBytes(java.lang.Object) -> castToBytes
    414:447:java.lang.Boolean castToBoolean(java.lang.Object) -> castToBoolean
    762:767:void addClassMapping(java.lang.String,java.lang.Class) -> addClassMapping
    770:789:void addBaseClassMappings() -> addBaseClassMappings
    792:794:void clearClassMapping() -> clearClassMapping
    797:837:java.lang.Class loadClass(java.lang.String) -> loadClass
    1055:1063:java.lang.Class getClass(java.lang.reflect.Type) -> getClass
    755:759:void <clinit>() -> <clinit>
com.dyfc.platform.utiltools.cache4j.core.ICache -> com.dyfc.platform.utiltools.cache4j.core.ICache:
    void put(java.lang.Object,java.lang.Object) -> put
    java.lang.Object get(java.lang.Object) -> get
    com.dyfc.platform.utiltools.cache4j.node.NodeAbstract getNode(java.lang.Object) -> getNode
    void remove(java.lang.Object) -> remove
    int size() -> size
    double hitRatio() -> hitRatio
    void clear() -> clear
com.dyfc.platform.utiltools.cache4j.core.impl.CacheConfig -> com.dyfc.platform.utiltools.cache4j.core.impl.CacheConfig:
    int maxElement -> a
    15:17:void <init>() -> <init>
    24:24:com.dyfc.platform.utiltools.cache4j.core.impl.CacheConfig custom() -> custom
    28:28:int getMaxElement() -> getMaxElement
    32:33:com.dyfc.platform.utiltools.cache4j.core.impl.CacheConfig setMaxElement(int) -> setMaxElement
com.dyfc.platform.utiltools.cache4j.core.impl.FifoCache -> com.dyfc.platform.utiltools.cache4j.core.impl.FifoCache:
    com.dyfc.platform.utiltools.cache4j.linked.impl.CacheLinked linked -> a
    com.dyfc.platform.utiltools.cache4j.factory.INodeFactory nodeFactory -> b
    com.dyfc.platform.utiltools.cache4j.core.impl.CacheConfig config -> c
    java.util.concurrent.atomic.AtomicInteger missCount -> d
    java.util.concurrent.atomic.AtomicInteger hitCount -> e
    20:51:void <init>(com.dyfc.platform.utiltools.cache4j.core.impl.CacheConfig,com.dyfc.platform.utiltools.cache4j.factory.INodeFactory) -> <init>
    56:70:void put(java.lang.Object,java.lang.Object) -> put
    75:82:java.lang.Object get(java.lang.Object) -> get
    87:95:double hitRatio() -> hitRatio
    100:103:void clear() -> clear
    107:107:int size() -> size
    112:112:com.dyfc.platform.utiltools.cache4j.node.NodeAbstract getNode(java.lang.Object) -> getNode
    117:120:void remove(java.lang.Object) -> remove
    123:123:java.util.concurrent.atomic.AtomicInteger getMissCount() -> getMissCount
    127:127:java.util.concurrent.atomic.AtomicInteger getHitCount() -> getHitCount
com.dyfc.platform.utiltools.cache4j.core.impl.LruCache -> com.dyfc.platform.utiltools.cache4j.core.impl.LruCache:
    com.dyfc.platform.utiltools.cache4j.linked.impl.CacheLinked linked -> a
    com.dyfc.platform.utiltools.cache4j.factory.INodeFactory nodeFactory -> b
    com.dyfc.platform.utiltools.cache4j.core.impl.CacheConfig config -> c
    java.util.concurrent.atomic.AtomicInteger missCount -> d
    java.util.concurrent.atomic.AtomicInteger hitCount -> e
    22:53:void <init>(com.dyfc.platform.utiltools.cache4j.core.impl.CacheConfig,com.dyfc.platform.utiltools.cache4j.factory.INodeFactory) -> <init>
    58:72:void put(java.lang.Object,java.lang.Object) -> put
    76:89:java.lang.Object get(java.lang.Object) -> get
    94:94:int size() -> size
    99:107:double hitRatio() -> hitRatio
    112:115:void clear() -> clear
    119:119:com.dyfc.platform.utiltools.cache4j.node.NodeAbstract getNode(java.lang.Object) -> getNode
    124:127:void remove(java.lang.Object) -> remove
    130:130:java.util.concurrent.atomic.AtomicInteger getMissCount() -> getMissCount
    134:134:java.util.concurrent.atomic.AtomicInteger getHitCount() -> getHitCount
com.dyfc.platform.utiltools.cache4j.core.impl.TwoQueuesCache -> com.dyfc.platform.utiltools.cache4j.core.impl.TwoQueuesCache:
    com.dyfc.platform.utiltools.cache4j.core.impl.FifoCache fifoCache -> a
    com.dyfc.platform.utiltools.cache4j.core.impl.LruCache lruCache -> b
    com.dyfc.platform.utiltools.cache4j.core.impl.CacheConfig fifoConfig -> c
    com.dyfc.platform.utiltools.cache4j.core.impl.CacheConfig lruConfig -> d
    com.dyfc.platform.utiltools.cache4j.factory.INodeFactory nodeFactory -> e
    int hotLimit -> f
    22:66:void <init>(com.dyfc.platform.utiltools.cache4j.core.impl.CacheConfig,com.dyfc.platform.utiltools.cache4j.factory.INodeFactory) -> <init>
    72:74:void put(java.lang.Object,java.lang.Object) -> put
    79:99:java.lang.Object get(java.lang.Object) -> get
    104:104:int size() -> size
    109:117:double hitRatio() -> hitRatio
    122:124:void clear() -> clear
    129:129:com.dyfc.platform.utiltools.cache4j.node.NodeAbstract getNode(java.lang.Object) -> getNode
    135:138:void remove(java.lang.Object) -> remove
com.dyfc.platform.utiltools.cache4j.factory.INodeFactory -> com.dyfc.platform.utiltools.cache4j.factory.INodeFactory:
    com.dyfc.platform.utiltools.cache4j.node.NodeAbstract createNode(java.lang.Object,java.lang.Object) -> createNode
com.dyfc.platform.utiltools.cache4j.factory.impl.CacheNodeFactory -> com.dyfc.platform.utiltools.cache4j.factory.impl.CacheNodeFactory:
    12:12:void <init>() -> <init>
    17:21:com.dyfc.platform.utiltools.cache4j.node.NodeAbstract createNode(java.lang.Object,java.lang.Object) -> createNode
com.dyfc.platform.utiltools.cache4j.linked.LinkedAbstract -> com.dyfc.platform.utiltools.cache4j.linked.LinkedAbstract:
    com.dyfc.platform.utiltools.cache4j.node.NodeAbstract headNode -> a
    com.dyfc.platform.utiltools.cache4j.node.NodeAbstract tailNode -> b
    java.util.Map searchMap -> c
    31:39:void <init>() -> <init>
    48:48:com.dyfc.platform.utiltools.cache4j.node.NodeAbstract unshift(com.dyfc.platform.utiltools.cache4j.node.NodeAbstract) -> unshift
    59:59:com.dyfc.platform.utiltools.cache4j.node.NodeAbstract push(com.dyfc.platform.utiltools.cache4j.node.NodeAbstract) -> push
    72:80:com.dyfc.platform.utiltools.cache4j.node.NodeAbstract insertBefore(com.dyfc.platform.utiltools.cache4j.node.NodeAbstract,com.dyfc.platform.utiltools.cache4j.node.NodeAbstract) -> insertBefore
    92:100:com.dyfc.platform.utiltools.cache4j.node.NodeAbstract insertAfter(com.dyfc.platform.utiltools.cache4j.node.NodeAbstract,com.dyfc.platform.utiltools.cache4j.node.NodeAbstract) -> insertAfter
    110:110:com.dyfc.platform.utiltools.cache4j.node.NodeAbstract get(java.lang.Object) -> get
    120:124:void remove(com.dyfc.platform.utiltools.cache4j.node.NodeAbstract) -> remove
    132:138:void remove(java.lang.Object) -> remove
    146:153:com.dyfc.platform.utiltools.cache4j.node.NodeAbstract shift() -> shift
    164:171:com.dyfc.platform.utiltools.cache4j.node.NodeAbstract pop() -> pop
    181:181:int size() -> size
    191:193:void saveToSearchMap(com.dyfc.platform.utiltools.cache4j.node.NodeAbstract) -> saveToSearchMap
    201:203:void deleteFromSearchMap(com.dyfc.platform.utiltools.cache4j.node.NodeAbstract) -> deleteFromSearchMap
com.dyfc.platform.utiltools.cache4j.linked.impl.CacheLinked -> com.dyfc.platform.utiltools.cache4j.linked.impl.CacheLinked:
    10:10:void <init>() -> <init>
com.dyfc.platform.utiltools.cache4j.node.NodeAbstract -> com.dyfc.platform.utiltools.cache4j.node.NodeAbstract:
    com.dyfc.platform.utiltools.cache4j.node.NodeAbstract prevNode -> a
    com.dyfc.platform.utiltools.cache4j.node.NodeAbstract nextNode -> b
    java.lang.Object key -> c
    java.lang.Object value -> d
    8:8:void <init>() -> <init>
    32:32:com.dyfc.platform.utiltools.cache4j.node.NodeAbstract getPrevNode() -> getPrevNode
    36:37:void setPrevNode(com.dyfc.platform.utiltools.cache4j.node.NodeAbstract) -> setPrevNode
    40:40:com.dyfc.platform.utiltools.cache4j.node.NodeAbstract getNextNode() -> getNextNode
    44:45:void setNextNode(com.dyfc.platform.utiltools.cache4j.node.NodeAbstract) -> setNextNode
    48:48:java.lang.Object getKey() -> getKey
    52:53:void setKey(java.lang.Object) -> setKey
    56:56:java.lang.Object getValue() -> getValue
    60:61:void setValue(java.lang.Object) -> setValue
com.dyfc.platform.utiltools.cache4j.node.impl.CacheNode -> com.dyfc.platform.utiltools.cache4j.node.impl.CacheNode:
    java.util.concurrent.atomic.AtomicInteger usedCount -> a
    19:21:void <init>() -> <init>
    28:28:int usedCountIncrement() -> usedCountIncrement
com.dyfc.platform.utiltools.cache4j.node.impl.GuardNode -> com.dyfc.platform.utiltools.cache4j.node.impl.GuardNode:
    11:11:void <init>() -> <init>
com.dyfc.platform.utiltools.cache4j.test.BaseTest -> com.dyfc.platform.utiltools.cache4j.test.BaseTest:
    8:8:void <init>() -> <init>
    12:103:void main(java.lang.String[]) -> main
com.dyfc.platform.utiltools.cache4j.test.ThreadTest -> com.dyfc.platform.utiltools.cache4j.test.ThreadTest:
    com.dyfc.platform.utiltools.cache4j.core.impl.CacheConfig config -> a
    com.dyfc.platform.utiltools.cache4j.factory.INodeFactory cachefFactory -> b
    com.dyfc.platform.utiltools.cache4j.core.impl.TwoQueuesCache tqc -> c
    java.lang.Thread threadRead1 -> d
    java.lang.Thread threadRead2 -> e
    java.lang.Thread threadWrite1 -> f
    8:8:void <init>() -> <init>
    54:65:void main(java.lang.String[]) -> main
    8:8:com.dyfc.platform.utiltools.cache4j.core.impl.TwoQueuesCache access$000() -> a
    10:40:void <clinit>() -> <clinit>
com.dyfc.platform.utiltools.cache4j.test.ThreadTest$1 -> com.dyfc.platform.utiltools.cache4j.test.ThreadTest$1:
    14:14:void <init>() -> <init>
    18:24:void run() -> run
com.dyfc.platform.utiltools.cache4j.test.ThreadTest$2 -> com.dyfc.platform.utiltools.cache4j.test.ThreadTest$2:
    27:27:void <init>() -> <init>
    31:37:void run() -> run
com.dyfc.platform.utiltools.cache4j.test.ThreadTest$3 -> com.dyfc.platform.utiltools.cache4j.test.ThreadTest$3:
    40:40:void <init>() -> <init>
    44:50:void run() -> run
com.dyfc.platform.utiltools.httpclientutil.HttpClientUtil -> com.dyfc.platform.utiltools.httpclientutil.HttpClientUtil:
    org.apache.http.client.HttpClient client4HTTP -> a
    org.apache.http.client.HttpClient client4HTTPS -> b
    30:30:void <init>() -> <init>
    86:86:java.lang.String get(org.apache.http.client.HttpClient,java.lang.String,org.apache.http.Header[],org.apache.http.protocol.HttpContext,java.lang.String) -> get
    97:97:java.lang.String get(com.dyfc.platform.utiltools.httpclientutil.common.HttpConfig) -> get
    113:113:java.lang.String post(org.apache.http.client.HttpClient,java.lang.String,org.apache.http.Header[],java.util.Map,org.apache.http.protocol.HttpContext,java.lang.String) -> post
    124:124:java.lang.String post(com.dyfc.platform.utiltools.httpclientutil.common.HttpConfig) -> post
    140:140:java.lang.String put(org.apache.http.client.HttpClient,java.lang.String,java.util.Map,org.apache.http.Header[],org.apache.http.protocol.HttpContext,java.lang.String) -> put
    151:151:java.lang.String put(com.dyfc.platform.utiltools.httpclientutil.common.HttpConfig) -> put
    166:166:java.lang.String delete(org.apache.http.client.HttpClient,java.lang.String,org.apache.http.Header[],org.apache.http.protocol.HttpContext,java.lang.String) -> delete
    177:177:java.lang.String delete(com.dyfc.platform.utiltools.httpclientutil.common.HttpConfig) -> delete
    193:193:java.lang.String patch(org.apache.http.client.HttpClient,java.lang.String,java.util.Map,org.apache.http.Header[],org.apache.http.protocol.HttpContext,java.lang.String) -> patch
    204:204:java.lang.String patch(com.dyfc.platform.utiltools.httpclientutil.common.HttpConfig) -> patch
    219:219:java.lang.String head(org.apache.http.client.HttpClient,java.lang.String,org.apache.http.Header[],org.apache.http.protocol.HttpContext,java.lang.String) -> head
    230:230:java.lang.String head(com.dyfc.platform.utiltools.httpclientutil.common.HttpConfig) -> head
    245:245:java.lang.String options(org.apache.http.client.HttpClient,java.lang.String,org.apache.http.Header[],org.apache.http.protocol.HttpContext,java.lang.String) -> options
    256:256:java.lang.String options(com.dyfc.platform.utiltools.httpclientutil.common.HttpConfig) -> options
    271:271:java.lang.String trace(org.apache.http.client.HttpClient,java.lang.String,org.apache.http.Header[],org.apache.http.protocol.HttpContext,java.lang.String) -> trace
    282:282:java.lang.String trace(com.dyfc.platform.utiltools.httpclientutil.common.HttpConfig) -> trace
    297:297:java.io.OutputStream down(org.apache.http.client.HttpClient,java.lang.String,org.apache.http.Header[],org.apache.http.protocol.HttpContext,java.io.OutputStream) -> down
    308:308:java.io.OutputStream down(com.dyfc.platform.utiltools.httpclientutil.common.HttpConfig) -> down
    322:322:java.lang.String upload(org.apache.http.client.HttpClient,java.lang.String,org.apache.http.Header[],org.apache.http.protocol.HttpContext) -> upload
    333:336:java.lang.String upload(com.dyfc.platform.utiltools.httpclientutil.common.HttpConfig) -> upload
    350:350:int status(org.apache.http.client.HttpClient,java.lang.String,org.apache.http.Header[],org.apache.http.protocol.HttpContext,com.dyfc.platform.utiltools.httpclientutil.common.HttpMethods) -> status
    361:361:int status(com.dyfc.platform.utiltools.httpclientutil.common.HttpConfig) -> status
    376:376:java.lang.String send(com.dyfc.platform.utiltools.httpclientutil.common.HttpConfig) -> send
    387:435:org.apache.http.HttpResponse execute(com.dyfc.platform.utiltools.httpclientutil.common.HttpConfig) -> a
    1061:1068:void create(com.dyfc.platform.utiltools.httpclientutil.common.HttpConfig):61:68 -> a
    1061:1068:org.apache.http.HttpResponse execute(com.dyfc.platform.utiltools.httpclientutil.common.HttpConfig):387 -> a
    1518:1548:org.apache.http.client.methods.HttpRequestBase getRequest(java.lang.String,com.dyfc.platform.utiltools.httpclientutil.common.HttpMethods):518:548 -> a
    1518:1548:org.apache.http.HttpResponse execute(com.dyfc.platform.utiltools.httpclientutil.common.HttpConfig):391 -> a
    452:467:java.lang.String fmt2String(org.apache.http.HttpResponse,java.lang.String) -> a
    480:487:int fmt2Int(org.apache.http.HttpResponse) -> a
    500:507:java.io.OutputStream fmt2Stream(org.apache.http.HttpResponse,java.io.OutputStream) -> fmt2Stream
    558:566:void close(org.apache.http.HttpResponse) -> b
    40:50:void <clinit>() -> <clinit>
com.dyfc.platform.utiltools.httpclientutil.builder.HCB -> com.dyfc.platform.utiltools.httpclientutil.builder.HCB:
    boolean isSetPool -> isSetPool
    com.dyfc.platform.utiltools.httpclientutil.common.SSLs$SSLProtocolVersion sslpv -> a
    com.dyfc.platform.utiltools.httpclientutil.common.SSLs ssls -> b
    37:43:void <init>() -> <init>
    45:45:com.dyfc.platform.utiltools.httpclientutil.builder.HCB custom() -> custom
    55:55:com.dyfc.platform.utiltools.httpclientutil.builder.HCB timeout(int) -> timeout
    67:73:com.dyfc.platform.utiltools.httpclientutil.builder.HCB timeout(int,boolean) -> timeout
    96:96:com.dyfc.platform.utiltools.httpclientutil.builder.HCB ssl() -> ssl
    108:108:com.dyfc.platform.utiltools.httpclientutil.builder.HCB ssl(java.lang.String) -> ssl
    119:121:com.dyfc.platform.utiltools.httpclientutil.builder.HCB ssl(java.lang.String,java.lang.String) -> ssl
    135:144:com.dyfc.platform.utiltools.httpclientutil.builder.HCB pool(int,int) -> pool
    156:158:com.dyfc.platform.utiltools.httpclientutil.builder.HCB proxy(java.lang.String,int) -> proxy
    168:168:com.dyfc.platform.utiltools.httpclientutil.builder.HCB retry(int) -> retry
    180:215:com.dyfc.platform.utiltools.httpclientutil.builder.HCB retry(int,boolean) -> retry
    226:226:com.dyfc.platform.utiltools.httpclientutil.builder.HCB sslpv(java.lang.String) -> sslpv
    236:237:com.dyfc.platform.utiltools.httpclientutil.builder.HCB sslpv(com.dyfc.platform.utiltools.httpclientutil.common.SSLs$SSLProtocolVersion) -> sslpv
com.dyfc.platform.utiltools.httpclientutil.builder.HCB$1 -> com.dyfc.platform.utiltools.httpclientutil.builder.HCB$1:
    int val$tryTimes -> a
    boolean val$retryWhenInterruptedIO -> b
    com.dyfc.platform.utiltools.httpclientutil.builder.HCB this$0 -> c
    180:180:void <init>(com.dyfc.platform.utiltools.httpclientutil.builder.HCB,int,boolean) -> <init>
    182:211:boolean retryRequest(java.io.IOException,int,org.apache.http.protocol.HttpContext) -> retryRequest
com.dyfc.platform.utiltools.httpclientutil.builder.HCBProxyConfig -> com.dyfc.platform.utiltools.httpclientutil.builder.HCBProxyConfig:
    java.lang.String proxy_ip -> a
    int proxy_port -> b
    boolean proxy_switch -> c
    6:6:void <init>() -> <init>
    18:18:java.lang.String getProxy_ip() -> getProxy_ip
    22:23:void setProxy_ip(java.lang.String) -> setProxy_ip
    26:26:int getProxy_port() -> getProxy_port
    30:31:void setProxy_port(int) -> setProxy_port
    34:34:boolean isProxy_switch() -> isProxy_switch
    38:39:void setProxy_switch(boolean) -> setProxy_switch
    12:15:void <clinit>() -> <clinit>
com.dyfc.platform.utiltools.httpclientutil.common.HttpConfig -> com.dyfc.platform.utiltools.httpclientutil.common.HttpConfig:
    org.apache.http.client.HttpClient client -> a
    org.apache.http.Header[] headers -> b
    boolean isReturnRespHeaders -> c
    com.dyfc.platform.utiltools.httpclientutil.common.HttpMethods method -> d
    java.lang.String methodName -> e
    org.apache.http.protocol.HttpContext context -> f
    java.util.Map map -> g
    java.lang.String json -> h
    java.lang.String encoding -> i
    java.lang.String inenc -> j
    java.lang.String outenc -> k
    java.lang.ThreadLocal outs -> l
    java.lang.ThreadLocal urls -> m
    23:76:void <init>() -> <init>
    30:30:com.dyfc.platform.utiltools.httpclientutil.common.HttpConfig custom() -> custom
    103:104:com.dyfc.platform.utiltools.httpclientutil.common.HttpConfig client(org.apache.http.client.HttpClient) -> client
    112:113:com.dyfc.platform.utiltools.httpclientutil.common.HttpConfig url(java.lang.String) -> url
    121:122:com.dyfc.platform.utiltools.httpclientutil.common.HttpConfig headers(org.apache.http.Header[]) -> headers
    133:135:com.dyfc.platform.utiltools.httpclientutil.common.HttpConfig headers(org.apache.http.Header[],boolean) -> headers
    143:144:com.dyfc.platform.utiltools.httpclientutil.common.HttpConfig method(com.dyfc.platform.utiltools.httpclientutil.common.HttpMethods) -> method
    152:153:com.dyfc.platform.utiltools.httpclientutil.common.HttpConfig methodName(java.lang.String) -> methodName
    161:162:com.dyfc.platform.utiltools.httpclientutil.common.HttpConfig context(org.apache.http.protocol.HttpContext) -> context
    170:177:com.dyfc.platform.utiltools.httpclientutil.common.HttpConfig map(java.util.Map) -> map
    185:188:com.dyfc.platform.utiltools.httpclientutil.common.HttpConfig json(java.lang.String) -> json
    196:196:com.dyfc.platform.utiltools.httpclientutil.common.HttpConfig files(java.lang.String[]) -> files
    205:205:com.dyfc.platform.utiltools.httpclientutil.common.HttpConfig files(java.lang.String[],java.lang.String) -> files
    215:223:com.dyfc.platform.utiltools.httpclientutil.common.HttpConfig files(java.lang.String[],java.lang.String,boolean) -> files
    232:235:com.dyfc.platform.utiltools.httpclientutil.common.HttpConfig encoding(java.lang.String) -> encoding
    243:244:com.dyfc.platform.utiltools.httpclientutil.common.HttpConfig inenc(java.lang.String) -> inenc
    252:253:com.dyfc.platform.utiltools.httpclientutil.common.HttpConfig outenc(java.lang.String) -> outenc
    261:262:com.dyfc.platform.utiltools.httpclientutil.common.HttpConfig out(java.io.OutputStream) -> out
    266:266:org.apache.http.client.HttpClient client() -> client
    270:270:org.apache.http.Header[] headers() -> headers
    273:273:boolean isReturnRespHeaders() -> isReturnRespHeaders
    277:277:java.lang.String url() -> url
    281:281:com.dyfc.platform.utiltools.httpclientutil.common.HttpMethods method() -> method
    285:285:java.lang.String methodName() -> methodName
    289:289:org.apache.http.protocol.HttpContext context() -> context
    293:293:java.util.Map map() -> map
    297:297:java.lang.String json() -> json
    301:301:java.lang.String encoding() -> encoding
    305:305:java.lang.String inenc() -> inenc
    309:309:java.lang.String outenc() -> outenc
    313:313:java.io.OutputStream out() -> out
    91:96:void <clinit>() -> <clinit>
com.dyfc.platform.utiltools.httpclientutil.common.HttpCookies -> com.dyfc.platform.utiltools.httpclientutil.common.HttpCookies:
    org.apache.http.client.protocol.HttpClientContext context -> a
    org.apache.http.client.CookieStore cookieStore -> b
    26:26:com.dyfc.platform.utiltools.httpclientutil.common.HttpCookies custom() -> custom
    29:33:void <init>() -> <init>
    36:36:org.apache.http.client.protocol.HttpClientContext getContext() -> getContext
    40:41:com.dyfc.platform.utiltools.httpclientutil.common.HttpCookies setContext(org.apache.http.client.protocol.HttpClientContext) -> setContext
    45:45:org.apache.http.client.CookieStore getCookieStore() -> getCookieStore
    49:50:com.dyfc.platform.utiltools.httpclientutil.common.HttpCookies setCookieStore(org.apache.http.client.CookieStore) -> setCookieStore
com.dyfc.platform.utiltools.httpclientutil.common.HttpHeader -> com.dyfc.platform.utiltools.httpclientutil.common.HttpHeader:
    java.util.Map headerMaps -> a
    18:25:void <init>() -> <init>
    21:21:com.dyfc.platform.utiltools.httpclientutil.common.HttpHeader custom() -> custom
    35:36:com.dyfc.platform.utiltools.httpclientutil.common.HttpHeader other(java.lang.String,java.lang.String) -> other
    46:48:com.dyfc.platform.utiltools.httpclientutil.common.HttpHeader accept(java.lang.String) -> accept
    59:61:com.dyfc.platform.utiltools.httpclientutil.common.HttpHeader acceptCharset(java.lang.String) -> acceptCharset
    72:74:com.dyfc.platform.utiltools.httpclientutil.common.HttpHeader acceptEncoding(java.lang.String) -> acceptEncoding
    85:87:com.dyfc.platform.utiltools.httpclientutil.common.HttpHeader acceptLanguage(java.lang.String) -> acceptLanguage
    98:100:com.dyfc.platform.utiltools.httpclientutil.common.HttpHeader acceptRanges(java.lang.String) -> acceptRanges
    111:113:com.dyfc.platform.utiltools.httpclientutil.common.HttpHeader authorization(java.lang.String) -> authorization
    124:126:com.dyfc.platform.utiltools.httpclientutil.common.HttpHeader cacheControl(java.lang.String) -> cacheControl
    137:139:com.dyfc.platform.utiltools.httpclientutil.common.HttpHeader connection(java.lang.String) -> connection
    150:152:com.dyfc.platform.utiltools.httpclientutil.common.HttpHeader cookie(java.lang.String) -> cookie
    163:165:com.dyfc.platform.utiltools.httpclientutil.common.HttpHeader contentLength(java.lang.String) -> contentLength
    176:178:com.dyfc.platform.utiltools.httpclientutil.common.HttpHeader contentType(java.lang.String) -> contentType
    189:191:com.dyfc.platform.utiltools.httpclientutil.common.HttpHeader date(java.lang.String) -> date
    202:204:com.dyfc.platform.utiltools.httpclientutil.common.HttpHeader expect(java.lang.String) -> expect
    215:217:com.dyfc.platform.utiltools.httpclientutil.common.HttpHeader from(java.lang.String) -> from
    228:230:com.dyfc.platform.utiltools.httpclientutil.common.HttpHeader host(java.lang.String) -> host
    241:243:com.dyfc.platform.utiltools.httpclientutil.common.HttpHeader ifMatch(java.lang.String) -> ifMatch
    254:256:com.dyfc.platform.utiltools.httpclientutil.common.HttpHeader ifModifiedSince(java.lang.String) -> ifModifiedSince
    267:269:com.dyfc.platform.utiltools.httpclientutil.common.HttpHeader ifNoneMatch(java.lang.String) -> ifNoneMatch
    280:282:com.dyfc.platform.utiltools.httpclientutil.common.HttpHeader ifRange(java.lang.String) -> ifRange
    293:295:com.dyfc.platform.utiltools.httpclientutil.common.HttpHeader ifUnmodifiedSince(java.lang.String) -> ifUnmodifiedSince
    306:308:com.dyfc.platform.utiltools.httpclientutil.common.HttpHeader maxForwards(java.lang.String) -> maxForwards
    319:321:com.dyfc.platform.utiltools.httpclientutil.common.HttpHeader pragma(java.lang.String) -> pragma
    332:334:com.dyfc.platform.utiltools.httpclientutil.common.HttpHeader proxyAuthorization(java.lang.String) -> proxyAuthorization
    345:347:com.dyfc.platform.utiltools.httpclientutil.common.HttpHeader range(java.lang.String) -> range
    358:360:com.dyfc.platform.utiltools.httpclientutil.common.HttpHeader referer(java.lang.String) -> referer
    371:373:com.dyfc.platform.utiltools.httpclientutil.common.HttpHeader te(java.lang.String) -> te
    384:386:com.dyfc.platform.utiltools.httpclientutil.common.HttpHeader upgrade(java.lang.String) -> upgrade
    396:398:com.dyfc.platform.utiltools.httpclientutil.common.HttpHeader userAgent(java.lang.String) -> userAgent
    409:411:com.dyfc.platform.utiltools.httpclientutil.common.HttpHeader warning(java.lang.String) -> warning
    422:424:com.dyfc.platform.utiltools.httpclientutil.common.HttpHeader via(java.lang.String) -> via
    436:438:com.dyfc.platform.utiltools.httpclientutil.common.HttpHeader keepAlive(java.lang.String) -> keepAlive
    442:442:java.lang.String accept() -> accept
    446:446:java.lang.String acceptCharset() -> acceptCharset
    450:450:java.lang.String acceptEncoding() -> acceptEncoding
    454:454:java.lang.String acceptLanguage() -> acceptLanguage
    458:458:java.lang.String acceptRanges() -> acceptRanges
    462:462:java.lang.String authorization() -> authorization
    466:466:java.lang.String cacheControl() -> cacheControl
    470:470:java.lang.String connection() -> connection
    474:474:java.lang.String cookie() -> cookie
    478:478:java.lang.String contentLength() -> contentLength
    482:482:java.lang.String contentType() -> contentType
    486:486:java.lang.String date() -> date
    490:490:java.lang.String expect() -> expect
    494:494:java.lang.String from() -> from
    498:498:java.lang.String host() -> host
    502:502:java.lang.String ifMatch() -> ifMatch
    506:506:java.lang.String ifModifiedSince() -> ifModifiedSince
    510:510:java.lang.String ifNoneMatch() -> ifNoneMatch
    514:514:java.lang.String ifRange() -> ifRange
    518:518:java.lang.String ifUnmodifiedSince() -> ifUnmodifiedSince
    522:522:java.lang.String maxForwards() -> maxForwards
    526:526:java.lang.String pragma() -> pragma
    530:530:java.lang.String proxyAuthorization() -> proxyAuthorization
    534:534:java.lang.String referer() -> referer
    538:538:java.lang.String te() -> te
    542:542:java.lang.String upgrade() -> upgrade
    546:546:java.lang.String userAgent() -> userAgent
    550:550:java.lang.String via() -> via
    554:554:java.lang.String warning() -> warning
    558:558:java.lang.String keepAlive() -> keepAlive
    568:571:java.lang.String get(java.lang.String) -> a
    580:588:org.apache.http.Header[] build() -> build
com.dyfc.platform.utiltools.httpclientutil.common.HttpHeader$Headers -> com.dyfc.platform.utiltools.httpclientutil.common.HttpHeader$Headers:
    java.lang.String APP_FORM_URLENCODED -> APP_FORM_URLENCODED
    java.lang.String TEXT_PLAIN -> TEXT_PLAIN
    java.lang.String TEXT_HTML -> TEXT_HTML
    java.lang.String TEXT_XML -> TEXT_XML
    java.lang.String TEXT_JSON -> TEXT_JSON
    java.lang.String CONTENT_CHARSET_ISO_8859_1 -> CONTENT_CHARSET_ISO_8859_1
    java.lang.String CONTENT_CHARSET_UTF8 -> CONTENT_CHARSET_UTF8
    java.lang.String DEF_PROTOCOL_CHARSET -> DEF_PROTOCOL_CHARSET
    java.lang.String CONN_CLOSE -> CONN_CLOSE
    java.lang.String KEEP_ALIVE -> KEEP_ALIVE
    java.lang.String EXPECT_CONTINUE -> EXPECT_CONTINUE
    638:638:void <init>() -> <init>
    644:646:void <clinit>() -> <clinit>
com.dyfc.platform.utiltools.httpclientutil.common.HttpMethods -> com.dyfc.platform.utiltools.httpclientutil.common.HttpMethods:
    com.dyfc.platform.utiltools.httpclientutil.common.HttpMethods GET -> GET
    com.dyfc.platform.utiltools.httpclientutil.common.HttpMethods POST -> POST
    com.dyfc.platform.utiltools.httpclientutil.common.HttpMethods HEAD -> HEAD
    com.dyfc.platform.utiltools.httpclientutil.common.HttpMethods PUT -> PUT
    com.dyfc.platform.utiltools.httpclientutil.common.HttpMethods DELETE -> DELETE
    com.dyfc.platform.utiltools.httpclientutil.common.HttpMethods TRACE -> TRACE
    com.dyfc.platform.utiltools.httpclientutil.common.HttpMethods PATCH -> PATCH
    com.dyfc.platform.utiltools.httpclientutil.common.HttpMethods OPTIONS -> OPTIONS
    int code -> a
    java.lang.String name -> b
    com.dyfc.platform.utiltools.httpclientutil.common.HttpMethods[] $VALUES -> c
    9:9:com.dyfc.platform.utiltools.httpclientutil.common.HttpMethods[] values() -> values
    9:9:com.dyfc.platform.utiltools.httpclientutil.common.HttpMethods valueOf(java.lang.String) -> valueOf
    64:67:void <init>(java.lang.String,int,int,java.lang.String) -> <init>
    69:69:java.lang.String getName() -> getName
    72:72:int getCode() -> getCode
    9:53:void <clinit>() -> <clinit>
com.dyfc.platform.utiltools.httpclientutil.common.SSLs -> com.dyfc.platform.utiltools.httpclientutil.common.SSLs:
    com.dyfc.platform.utiltools.httpclientutil.common.SSLs$SSLHandler simpleVerifier -> a
    javax.net.ssl.SSLSocketFactory sslFactory -> b
    org.apache.http.conn.ssl.SSLConnectionSocketFactory sslConnFactory -> c
    org.apache.http.nio.conn.ssl.SSLIOSessionStrategy sslIOSessionStrategy -> d
    com.dyfc.platform.utiltools.httpclientutil.common.SSLs sslutil -> e
    javax.net.ssl.SSLContext sc -> f
    26:26:void <init>() -> <init>
    36:36:com.dyfc.platform.utiltools.httpclientutil.common.SSLs getInstance() -> getInstance
    39:39:com.dyfc.platform.utiltools.httpclientutil.common.SSLs custom() -> custom
    69:69:javax.net.ssl.HostnameVerifier getVerifier() -> getVerifier
    73:82:javax.net.ssl.SSLSocketFactory getSSLSF(com.dyfc.platform.utiltools.httpclientutil.common.SSLs$SSLProtocolVersion) -> getSSLSF
    86:96:org.apache.http.conn.ssl.SSLConnectionSocketFactory getSSLCONNSF(com.dyfc.platform.utiltools.httpclientutil.common.SSLs$SSLProtocolVersion) -> getSSLCONNSF
    100:110:org.apache.http.nio.conn.ssl.SSLIOSessionStrategy getSSLIOSS(com.dyfc.platform.utiltools.httpclientutil.common.SSLs$SSLProtocolVersion) -> getSSLIOSS
    114:139:com.dyfc.platform.utiltools.httpclientutil.common.SSLs customSSL(java.lang.String,java.lang.String) -> customSSL
    144:149:javax.net.ssl.SSLContext getSSLContext(com.dyfc.platform.utiltools.httpclientutil.common.SSLs$SSLProtocolVersion) -> getSSLContext
    28:32:void <clinit>() -> <clinit>
com.dyfc.platform.utiltools.httpclientutil.common.SSLs$SSLHandler -> com.dyfc.platform.utiltools.httpclientutil.common.SSLs$a:
    43:43:void <init>() -> <init>
    47:47:java.security.cert.X509Certificate[] getAcceptedIssuers() -> getAcceptedIssuers
    54:54:void checkServerTrusted(java.security.cert.X509Certificate[],java.lang.String) -> checkServerTrusted
    59:59:void checkClientTrusted(java.security.cert.X509Certificate[],java.lang.String) -> checkClientTrusted
    63:63:boolean verify(java.lang.String,javax.net.ssl.SSLSession) -> verify
    43:43:void <init>(byte) -> <init>
com.dyfc.platform.utiltools.httpclientutil.common.SSLs$SSLProtocolVersion -> com.dyfc.platform.utiltools.httpclientutil.common.SSLs$SSLProtocolVersion:
    com.dyfc.platform.utiltools.httpclientutil.common.SSLs$SSLProtocolVersion SSL -> SSL
    com.dyfc.platform.utiltools.httpclientutil.common.SSLs$SSLProtocolVersion SSLv3 -> SSLv3
    com.dyfc.platform.utiltools.httpclientutil.common.SSLs$SSLProtocolVersion TLSv1 -> TLSv1
    com.dyfc.platform.utiltools.httpclientutil.common.SSLs$SSLProtocolVersion TLSv1_1 -> TLSv1_1
    com.dyfc.platform.utiltools.httpclientutil.common.SSLs$SSLProtocolVersion TLSv1_2 -> TLSv1_2
    java.lang.String name -> a
    com.dyfc.platform.utiltools.httpclientutil.common.SSLs$SSLProtocolVersion[] $VALUES -> b
    159:159:com.dyfc.platform.utiltools.httpclientutil.common.SSLs$SSLProtocolVersion[] values() -> values
    159:159:com.dyfc.platform.utiltools.httpclientutil.common.SSLs$SSLProtocolVersion valueOf(java.lang.String) -> valueOf
    167:169:void <init>(java.lang.String,int,java.lang.String) -> <init>
    171:171:java.lang.String getName() -> getName
    174:179:com.dyfc.platform.utiltools.httpclientutil.common.SSLs$SSLProtocolVersion find(java.lang.String) -> find
    159:164:void <clinit>() -> <clinit>
com.dyfc.platform.utiltools.httpclientutil.common.Utils -> com.dyfc.platform.utiltools.httpclientutil.common.Utils:
    java.lang.String ENTITY_STRING -> ENTITY_STRING
    java.lang.String ENTITY_FILE -> ENTITY_FILE
    java.lang.String ENTITY_BYTES -> ENTITY_BYTES
    java.lang.String ENTITY_INPUTSTREAM -> ENTITY_INPUTSTREAM
    java.lang.String ENTITY_SERIALIZABLE -> ENTITY_SERIALIZABLE
    java.lang.String ENTITY_MULTIPART -> ENTITY_MULTIPART
    java.util.List SPECIAL_ENTITIY -> a
    boolean debug -> b
    org.apache.log4j.Logger logger -> c
    34:34:void <init>() -> <init>
    62:67:java.lang.String checkHasParas(java.lang.String,java.util.List,java.lang.String) -> checkHasParas
    81:158:org.apache.http.HttpEntity map2HttpEntity(java.util.List,java.util.Map,java.lang.String) -> map2HttpEntity
    1169:1188:void removeContentTypeCharset(java.lang.String,org.apache.http.HttpEntity):169:188 -> map2HttpEntity
    1169:1188:org.apache.http.HttpEntity map2HttpEntity(java.util.List,java.util.Map,java.lang.String):144 -> map2HttpEntity
    199:208:java.util.Map buildParas(java.lang.String) -> buildParas
    220:224:java.util.Map buildParas(java.lang.String[][]) -> buildParas
    233:236:void info(java.lang.String) -> info
    245:248:void infoException(java.lang.String,java.lang.Throwable) -> infoException
    256:257:void error(java.lang.String) -> error
    266:267:void errorException(java.lang.String,java.lang.Throwable) -> errorException
    275:276:void exception(java.lang.Throwable) -> exception
    282:283:void debug() -> debug
    289:290:void debug(boolean) -> debug
    43:49:void <clinit>() -> <clinit>
com.dyfc.platform.utiltools.httpclientutil.common.util.OCR -> com.dyfc.platform.utiltools.httpclientutil.common.util.OCR:
    java.lang.String apiKey -> a
    org.apache.http.client.HttpClient client -> b
    25:25:void <init>() -> <init>
    36:37:void enableCatch() -> enableCatch
    39:40:void unEnableCatch() -> unEnableCatch
    45:51:java.util.Map getParaMap() -> a
    61:61:java.lang.String ocrCode(java.lang.String) -> ocrCode
    72:98:java.lang.String ocrCode(java.lang.String,int) -> ocrCode
    110:110:java.lang.String ocrCode4Net(java.lang.String) -> ocrCode4Net
    120:145:java.lang.String ocrCode4Net(java.lang.String,int) -> ocrCode4Net
    157:157:java.lang.String ocrCode4Net(com.dyfc.platform.utiltools.httpclientutil.common.HttpConfig,java.lang.String) -> ocrCode4Net
    169:188:java.lang.String ocrCode4Net(com.dyfc.platform.utiltools.httpclientutil.common.HttpConfig,java.lang.String,int) -> ocrCode4Net
    192:203:void main(java.lang.String[]) -> main
    32:33:void <clinit>() -> <clinit>
com.dyfc.platform.utiltools.httpclientutil.common.util.OldOCR -> com.dyfc.platform.utiltools.httpclientutil.common.util.OldOCR:
    java.lang.String apiKey -> a
    org.apache.http.Header[] headers -> b
    java.util.Map map -> c
    org.apache.http.client.HttpClient client -> d
    23:23:void <init>() -> <init>
    43:44:void enableCatch() -> enableCatch
    46:47:void unEnableCatch() -> unEnableCatch
    52:58:java.util.Map getParaMap() -> a
    69:69:java.lang.String ocrCode(java.lang.String) -> ocrCode
    80:140:java.lang.String ocrCode(java.lang.String,int) -> ocrCode
    152:152:java.lang.String ocrCode4Net(java.lang.String) -> ocrCode4Net
    162:187:java.lang.String ocrCode4Net(java.lang.String,int) -> ocrCode4Net
    199:199:java.lang.String ocrCode4Net(com.dyfc.platform.utiltools.httpclientutil.common.HttpConfig,java.lang.String) -> ocrCode4Net
    211:270:java.lang.String ocrCode4Net(com.dyfc.platform.utiltools.httpclientutil.common.HttpConfig,java.lang.String,int) -> ocrCode4Net
    275:285:void main(java.lang.String[]) -> main
    30:40:void <clinit>() -> <clinit>
com.dyfc.platform.utiltools.httpclientutil.common.util.PropertiesUtil -> com.dyfc.platform.utiltools.httpclientutil.common.util.PropertiesUtil:
    java.util.Properties defaultProp -> defaultProp
    java.util.Map allProps -> allProps
    18:18:void <init>() -> <init>
    46:55:java.util.Properties getProperties(java.lang.String) -> getProperties
    66:80:java.util.Properties loadProperties(java.lang.String) -> loadProperties
    92:92:java.lang.String getProperty(java.lang.String,java.lang.String) -> getProperty
    102:102:java.lang.String getProperty(java.lang.String) -> getProperty
    23:36:void <clinit>() -> <clinit>
com.dyfc.platform.utiltools.httpclientutil.common.util.StringUtil -> com.dyfc.platform.utiltools.httpclientutil.common.util.StringUtil:
    14:14:void <init>() -> <init>
    24:32:java.lang.String[] regex(java.lang.String,java.lang.String) -> regex
com.dyfc.platform.utiltools.httpclientutil.evictor.NIdleConnectionEvictor -> com.dyfc.platform.utiltools.httpclientutil.evictor.NIdleConnectionEvictor:
    org.apache.http.nio.conn.NHttpClientConnectionManager connMgr -> a
    java.util.concurrent.ThreadFactory threadFactory -> b
    java.lang.Thread thread -> c
    long sleepTimeMs -> d
    long maxIdleTimeMs -> e
    java.lang.Exception exception -> f
    29:52:void <init>(org.apache.http.nio.conn.NHttpClientConnectionManager,java.util.concurrent.ThreadFactory,long,java.util.concurrent.TimeUnit,long,java.util.concurrent.TimeUnit) -> <init>
    58:59:void <init>(org.apache.http.nio.conn.NHttpClientConnectionManager,long,java.util.concurrent.TimeUnit,long,java.util.concurrent.TimeUnit) -> <init>
    64:67:void <init>(org.apache.http.nio.conn.NHttpClientConnectionManager,long,java.util.concurrent.TimeUnit) -> <init>
    71:74:void <init>(long,java.util.concurrent.TimeUnit) -> <init>
    77:78:com.dyfc.platform.utiltools.httpclientutil.evictor.NIdleConnectionEvictor setConnMgr(org.apache.http.nio.conn.NHttpClientConnectionManager) -> setConnMgr
    82:84:void start() -> start
    87:88:void shutdown() -> shutdown
    91:91:boolean isRunning() -> isRunning
    95:96:void awaitTermination(long,java.util.concurrent.TimeUnit) -> awaitTermination
    100:105:void await() -> await
    14:14:long access$000(com.dyfc.platform.utiltools.httpclientutil.evictor.NIdleConnectionEvictor) -> a
    14:14:long access$100(com.dyfc.platform.utiltools.httpclientutil.evictor.NIdleConnectionEvictor) -> b
    14:14:java.lang.Exception access$202(com.dyfc.platform.utiltools.httpclientutil.evictor.NIdleConnectionEvictor,java.lang.Exception) -> a
com.dyfc.platform.utiltools.httpclientutil.evictor.NIdleConnectionEvictor$1 -> com.dyfc.platform.utiltools.httpclientutil.evictor.NIdleConnectionEvictor$1:
    org.apache.http.nio.conn.NHttpClientConnectionManager val$connMgr -> a
    com.dyfc.platform.utiltools.httpclientutil.evictor.NIdleConnectionEvictor this$0 -> b
    35:35:void <init>(com.dyfc.platform.utiltools.httpclientutil.evictor.NIdleConnectionEvictor,org.apache.http.nio.conn.NHttpClientConnectionManager) -> <init>
    39:50:void run() -> run
com.dyfc.platform.utiltools.httpclientutil.evictor.NIdleConnectionEvictor$DefaultThreadFactory -> com.dyfc.platform.utiltools.httpclientutil.evictor.NIdleConnectionEvictor$a:
    107:107:void <init>() -> <init>
    111:113:java.lang.Thread newThread(java.lang.Runnable) -> newThread
com.dyfc.platform.utiltools.httpclientutil.exception.HttpProcessException -> com.dyfc.platform.utiltools.httpclientutil.exception.HttpProcessException:
    long serialVersionUID -> serialVersionUID
    13:14:void <init>(java.lang.Exception) -> <init>
    20:21:void <init>(java.lang.String) -> <init>
    28:29:void <init>(java.lang.String,java.lang.Exception) -> <init>
